../Core/Src/main.c:91:5:_write	24	static
../Core/Src/main.c:103:5:main	64	static
../Core/Src/main.c:218:6:SystemClock_Config	88	static
../Core/Src/main.c:265:13:MX_FDCAN1_Init	8	static
../Core/Src/main.c:308:13:MX_FDCAN2_Init	8	static
../Core/Src/main.c:351:13:MX_I2C2_Init	8	static
../Core/Src/main.c:399:13:MX_SPI1_Init	8	static
../Core/Src/main.c:439:13:MX_USART3_UART_Init	8	static
../Core/Src/main.c:487:13:MX_USB_PCD_Init	8	static
../Core/Src/main.c:520:13:MX_GPIO_Init	56	static
../Core/Src/main.c:625:6:Error_Handler	4	static,ignoring_inline_asm
