../CANopenNode/301/CO_ODinterface.h:751:21:OD_set_u32	32	static
../CANopenNode/301/CO_PDO.h:453:20:CO_TPDOsendRequest	16	static
../Core/Src/main.c:67:5:_write	24	static
../Core/Src/main.c:78:5:main	32	static
../Core/Src/main.c:141:6:SystemClock_Config	96	static
../Core/Src/main.c:196:13:MX_CAN1_Init	8	static
../Core/Src/main.c:233:13:MX_TIM7_Init	24	static
../Core/Src/main.c:271:13:MX_USART2_UART_Init	8	static
../Core/Src/main.c:306:13:MX_GPIO_Init	48	static
../Core/Src/main.c:341:6:HAL_TIM_PeriodElapsedCallback	16	static
../Core/Src/main.c:354:6:Error_Handler	4	static,ignoring_inline_asm
